// Jest Snapshot v1, https://goo.gl/fbAQLP

exports[`Snapshot Header 1`] = `
<DocumentFragment>
  <div
    class="container"
  >
    <p>
      Search by 
      <i>
        name
      </i>
      /
      <i>
        plan number
      </i>
       or filter by 
      <i>
        region
      </i>
    </p>
    <div
      class="header"
    >
      <div
        class="searchBar"
      >
        <input
          id="search-value"
          name="search-value"
          placeholder="Enter name or plan number"
          type="text"
          value=""
        />
        <button
          class="btn"
          type="button"
        >
          Search
        </button>
      </div>
      <div>
        <select
          class="select"
        >
          <option
            value="none"
          >
            Choose Region
          </option>
        </select>
      </div>
    </div>
  </div>
</DocumentFragment>
`;
