// Jest Snapshot v1, https://goo.gl/fbAQLP

exports[`Snapshot Select 1`] = `
<DocumentFragment>
  <select
    class="select"
  >
    <option
      value="none"
    >
      Choose Region
    </option>
  </select>
</DocumentFragment>
`;
