// Jest Snapshot v1, https://goo.gl/fbAQLP

exports[`Snapshot Input 1`] = `
<DocumentFragment>
  <div
    class="container"
  >
    <label
      class="label"
    >
      :
    </label>
    <input
      class="formControl"
      required=""
      value=""
    />
  </div>
</DocumentFragment>
`;
